Archive member included to satisfy reference by file (symbol)

/usr/lib/gcc/avr/5.4.0/avr5/libgcc.a(_mulsi3.o)
                              binaries/mkbufpool.o (__mulsi3)
/usr/lib/gcc/avr/5.4.0/avr5/libgcc.a(_udivmodhi4.o)
                              binaries/xsh_basic.o (__udivmodhi4)
/usr/lib/gcc/avr/5.4.0/avr5/libgcc.a(_divmodhi4.o)
                              binaries/xsh_basic.o (__divmodhi4)
/usr/lib/gcc/avr/5.4.0/avr5/libgcc.a(_udivmodsi4.o)
                              binaries/clkhandler.o (__udivmodsi4)
/usr/lib/gcc/avr/5.4.0/avr5/libgcc.a(_divmodsi4.o)
                              binaries/create.o (__divmodsi4)
/usr/lib/gcc/avr/5.4.0/avr5/libgcc.a(_negsi2.o)
                              /usr/lib/gcc/avr/5.4.0/avr5/libgcc.a(_divmodsi4.o) (__negsi2)
/usr/lib/gcc/avr/5.4.0/avr5/libgcc.a(_tablejump2.o)
                              binaries/ttycontrol.o (__tablejump2__)
/usr/lib/gcc/avr/5.4.0/avr5/libgcc.a(_copy_data.o)
                              binaries/avr_serial.o (__do_copy_data)
/usr/lib/gcc/avr/5.4.0/avr5/libgcc.a(_clear_bss.o)
                              binaries/avr_serial.o (__do_clear_bss)
/usr/lib/gcc/avr/5.4.0/avr5/libgcc.a(_muluhisi3.o)
                              binaries/sleep.o (__muluhisi3)
/usr/lib/gcc/avr/5.4.0/avr5/libgcc.a(_prologue.o)
                              binaries/blink_avr.o (__prologue_saves__)
/usr/lib/gcc/avr/5.4.0/avr5/libgcc.a(_epilogue.o)
                              binaries/blink_avr.o (__epilogue_restores__)
/usr/lib/gcc/avr/5.4.0/avr5/libgcc.a(_umulhisi3.o)
                              /usr/lib/gcc/avr/5.4.0/avr5/libgcc.a(_muluhisi3.o) (__umulhisi3)
/usr/lib/gcc/avr/5.4.0/../../../avr/lib/avr5/libc.a(rand.o)
                              binaries/xsh_basic.o (rand)
/usr/lib/gcc/avr/5.4.0/../../../avr/lib/avr5/libc.a(atoi.o)
                              binaries/date.o (atoi)
/usr/lib/gcc/avr/5.4.0/../../../avr/lib/avr5/libc.a(strlen_P.o)
                              binaries/avr_printf.o (__strlen_P)
/usr/lib/gcc/avr/5.4.0/../../../avr/lib/avr5/libc.a(strncmp_P.o)
                              binaries/main.o (strncmp_P)
/usr/lib/gcc/avr/5.4.0/../../../avr/lib/avr5/libc.a(strncpy_P.o)
                              binaries/naminit.o (strncpy_P)
/usr/lib/gcc/avr/5.4.0/../../../avr/lib/avr5/libc.a(memset.o)
                              binaries/kprintf.o (memset)
/usr/lib/gcc/avr/5.4.0/../../../avr/lib/avr5/libc.a(strncmp.o)
                              binaries/getdev.o (strncmp)
/usr/lib/gcc/avr/5.4.0/../../../avr/lib/avr5/libc.a(mul10.o)
                              /usr/lib/gcc/avr/5.4.0/../../../avr/lib/avr5/libc.a(atoi.o) (__mulhi_const_10)
/usr/lib/gcc/avr/5.4.0/../../../avr/lib/avr5/libc.a(fgetc.o)
                              binaries/getchar.o (fgetc)
/usr/lib/gcc/avr/5.4.0/../../../avr/lib/avr5/libc.a(vsnprintf.o)
                              binaries/kprintf.o (vsnprintf)
/usr/lib/gcc/avr/5.4.0/../../../avr/lib/avr5/libc.a(asctime_r.o)
                              binaries/date.o (asctime_r)
/usr/lib/gcc/avr/5.4.0/../../../avr/lib/avr5/libc.a(localtime_r.o)
                              binaries/date.o (localtime_r)
/usr/lib/gcc/avr/5.4.0/../../../avr/lib/avr5/libc.a(mktime.o)
                              binaries/date.o (mktime)
/usr/lib/gcc/avr/5.4.0/../../../avr/lib/avr5/libc.a(print_lz.o)
                              /usr/lib/gcc/avr/5.4.0/../../../avr/lib/avr5/libc.a(asctime_r.o) (__print_lz)
/usr/lib/gcc/avr/5.4.0/../../../avr/lib/avr5/libc.a(utc_offset.o)
                              /usr/lib/gcc/avr/5.4.0/../../../avr/lib/avr5/libc.a(localtime_r.o) (__utc_offset)
/usr/lib/gcc/avr/5.4.0/../../../avr/lib/avr5/libc.a(vfprintf_std.o)
                              /usr/lib/gcc/avr/5.4.0/../../../avr/lib/avr5/libc.a(vsnprintf.o) (vfprintf)
/usr/lib/gcc/avr/5.4.0/../../../avr/lib/avr5/libc.a(strnlen_P.o)
                              /usr/lib/gcc/avr/5.4.0/../../../avr/lib/avr5/libc.a(vfprintf_std.o) (strnlen_P)
/usr/lib/gcc/avr/5.4.0/../../../avr/lib/avr5/libc.a(strnlen.o)
                              /usr/lib/gcc/avr/5.4.0/../../../avr/lib/avr5/libc.a(vfprintf_std.o) (strnlen)
/usr/lib/gcc/avr/5.4.0/../../../avr/lib/avr5/libc.a(fputc.o)
                              /usr/lib/gcc/avr/5.4.0/../../../avr/lib/avr5/libc.a(vfprintf_std.o) (fputc)
/usr/lib/gcc/avr/5.4.0/../../../avr/lib/avr5/libc.a(ultoa_invert.o)
                              /usr/lib/gcc/avr/5.4.0/../../../avr/lib/avr5/libc.a(vfprintf_std.o) (__ultoa_invert)
/usr/lib/gcc/avr/5.4.0/../../../avr/lib/avr5/libc.a(dst_pointer.o)
                              /usr/lib/gcc/avr/5.4.0/../../../avr/lib/avr5/libc.a(localtime_r.o) (__dst_ptr)
/usr/lib/gcc/avr/5.4.0/../../../avr/lib/avr5/libc.a(gmtime_r.o)
                              /usr/lib/gcc/avr/5.4.0/../../../avr/lib/avr5/libc.a(localtime_r.o) (gmtime_r)
/usr/lib/gcc/avr/5.4.0/../../../avr/lib/avr5/libc.a(mk_gmtime.o)
[...]
Memory Configuration

Name             Origin             Length             Attributes
text             0x0000000000000000 0x0000000000020000 xr
data             0x0000000000800060 0x000000000000ffa0 rw !x
eeprom           0x0000000000810000 0x0000000000010000 rw !x
fuse             0x0000000000820000 0x0000000000000003 rw !x
lock             0x0000000000830000 0x0000000000000400 rw !x
signature        0x0000000000840000 0x0000000000000400 rw !x
user_signatures  0x0000000000850000 0x0000000000000400 rw !x
*default*        0x0000000000000000 0xffffffffffffffff

Linker script and memory map

Address of section .data set to 0x800100
LOAD /usr/lib/gcc/avr/5.4.0/../../../avr/lib/avr5/crtatmega328p.o
LOAD /usr/lib/gcc/avr/5.4.0/../../../avr/lib/avr5/libm.a
LOAD binaries/start.o
LOAD binaries/avr_serial.o
LOAD binaries/blink_avr.o
LOAD binaries/bufinit.o
LOAD binaries/chprio.o
LOAD binaries/clkhandler.o
LOAD binaries/clkinit.o
LOAD binaries/close.o
LOAD binaries/conf.o
LOAD binaries/control.o
LOAD binaries/create.o
LOAD binaries/evec.o
LOAD binaries/exit.o
LOAD binaries/freebuf.o
LOAD binaries/freemem.o
LOAD binaries/getbuf.o
LOAD binaries/getc.o
LOAD binaries/getdev.o
LOAD binaries/getitem.o
LOAD binaries/getmem.o
LOAD binaries/getpid.o
LOAD binaries/getprio.o
LOAD binaries/getstk.o
LOAD binaries/getticks.o
LOAD binaries/gettime.o
LOAD binaries/init.o
LOAD binaries/initialize.o
LOAD binaries/insert.o
LOAD binaries/insertd.o
LOAD binaries/intr.o
LOAD binaries/ioerr.o
LOAD binaries/ionull.o
LOAD binaries/kill.o
LOAD binaries/kprintf.o
LOAD binaries/mark.o
LOAD binaries/meminit.o
LOAD binaries/mkbufpool.o
LOAD binaries/newqueue.o
LOAD binaries/open.o
LOAD binaries/panic.o
LOAD binaries/platinit.o
LOAD binaries/putc.o
LOAD binaries/queue.o
LOAD binaries/read.o
LOAD binaries/ready.o
LOAD binaries/receive.o
LOAD binaries/recvclr.o
LOAD binaries/recvtime.o
LOAD binaries/resched.o
LOAD binaries/resume.o
LOAD binaries/seek.o
LOAD binaries/semcount.o
LOAD binaries/semcreate.o
LOAD binaries/semdelete.o
LOAD binaries/semreset.o
LOAD binaries/send.o
LOAD binaries/signal.o
LOAD binaries/signaln.o
LOAD binaries/sleep.o
LOAD binaries/suspend.o
LOAD binaries/unsleep.o
LOAD binaries/userret.o
LOAD binaries/wait.o
LOAD binaries/wakeup.o
LOAD binaries/write.o
LOAD binaries/xdone.o
LOAD binaries/yield.o
LOAD binaries/abs.o
LOAD binaries/avr_gpio.o
LOAD binaries/avr_messages.o
LOAD binaries/avr_printf.o
LOAD binaries/bzero.o
LOAD binaries/change_proc_name.o
LOAD binaries/ctype_.o
LOAD binaries/date.o
LOAD binaries/fprintf.o
LOAD binaries/getchar.o
LOAD binaries/printf.o
LOAD binaries/putchar.o
LOAD binaries/userland.o
LOAD binaries/mount.o
LOAD binaries/naminit.o
LOAD binaries/nammap.o
LOAD binaries/namopen.o
LOAD binaries/ttycontrol.o
LOAD binaries/ttygetc.o
LOAD binaries/ttyhandle_in.o
LOAD binaries/ttyhandle_out.o
LOAD binaries/ttyhandler.o
LOAD binaries/ttyinit.o
LOAD binaries/ttykickout.o
LOAD binaries/ttyputc.o
LOAD binaries/ttyread.o
LOAD binaries/ttywrite.o
LOAD binaries/addargs.o
LOAD binaries/lexan.o
LOAD binaries/main.o
LOAD binaries/xsh_basic.o
LOAD binaries/xsh_cal.o
LOAD binaries/xsh_clear.o
LOAD binaries/xsh_date.o
LOAD binaries/xsh_echo.o
LOAD binaries/xsh_editor.o
LOAD binaries/xsh_forever.o
LOAD binaries/xsh_free.o
LOAD binaries/xsh_gpio.o
LOAD binaries/xsh_kill.o
LOAD binaries/xsh_memdump.o
LOAD binaries/xsh_ps.o
LOAD binaries/xsh_reboot.o
LOAD binaries/xsh_sleep.o
LOAD binaries/xsh_uptime.o
LOAD binaries/ctxsw.o
START GROUP
LOAD /usr/lib/gcc/avr/5.4.0/avr5/libgcc.a
LOAD /usr/lib/gcc/avr/5.4.0/../../../avr/lib/avr5/libm.a
LOAD /usr/lib/gcc/avr/5.4.0/../../../avr/lib/avr5/libc.a
LOAD /usr/lib/gcc/avr/5.4.0/../../../avr/lib/avr5/libatmega328p.a
END GROUP
                0x0000000000000000                __TEXT_REGION_ORIGIN__ = DEFINED (__TEXT_REGION_ORIGIN__)?__TEXT_REGION_ORIGIN__:0x0
                0x0000000000800060                __DATA_REGION_ORIGIN__ = DEFINED (__DATA_REGION_ORIGIN__)?__DATA_REGION_ORIGIN__:0x800060
                0x0000000000020000                __TEXT_REGION_LENGTH__ = DEFINED (__TEXT_REGION_LENGTH__)?__TEXT_REGION_LENGTH__:0x20000
                0x000000000000ffa0                __DATA_REGION_LENGTH__ = DEFINED (__DATA_REGION_LENGTH__)?__DATA_REGION_LENGTH__:0xffa0
                0x0000000000010000                __EEPROM_REGION_LENGTH__ = DEFINED (__EEPROM_REGION_LENGTH__)?__EEPROM_REGION_LENGTH__:0x10000
                [0x0000000000000003]                __FUSE_REGION_LENGTH__ = DEFINED (__FUSE_REGION_LENGTH__)?__FUSE_REGION_LENGTH__:0x400
                0x0000000000000400                __LOCK_REGION_LENGTH__ = DEFINED (__LOCK_REGION_LENGTH__)?__LOCK_REGION_LENGTH__:0x400
                0x0000000000000400                __SIGNATURE_REGION_LENGTH__ = DEFINED (__SIGNATURE_REGION_LENGTH__)?__SIGNATURE_REGION_LENGTH__:0x400
                0x0000000000000400                __USER_SIGNATURE_REGION_LENGTH__ = DEFINED (__USER_SIGNATURE_REGION_LENGTH__)?__USER_SIGNATURE_REGION_LENGTH__:0x400

.hash
 *(.hash)

.dynsym
 *(.dynsym)

.dynstr
 *(.dynstr)

.gnu.version
 *(.gnu.version)

.gnu.version_d
 *(.gnu.version_d)

.gnu.version_r
 *(.gnu.version_r)

.rel.init
 *(.rel.init)

.rela.init
 *(.rela.init)

.rel.text
 *(.rel.text)
 *(.rel.text.*)
 *(.rel.gnu.linkonce.t*)

.rela.text
 *(.rela.text)
 *(.rela.text.*)
 *(.rela.gnu.linkonce.t*)

.rel.fini
 *(.rel.fini)

.rela.fini
 *(.rela.fini)

.rel.rodata
 *(.rel.rodata)
 *(.rel.rodata.*)
 *(.rel.gnu.linkonce.r*)

.rela.rodata
 *(.rela.rodata)
 *(.rela.rodata.*)
 *(.rela.gnu.linkonce.r*)

.rel.data
 *(.rel.data)
 *(.rel.data.*)
 *(.rel.gnu.linkonce.d*)

.rela.data
 *(.rela.data)
 *(.rela.data.*)
 *(.rela.gnu.linkonce.d*)

.rel.ctors
 *(.rel.ctors)

.rela.ctors
 *(.rela.ctors)

.rel.dtors
 *(.rel.dtors)

.rela.dtors
 *(.rela.dtors)

.rel.got
 *(.rel.got)

.rela.got
 *(.rela.got)

.rel.bss
 *(.rel.bss)

.rela.bss
 *(.rela.bss)

.rel.plt
 *(.rel.plt)

.rela.plt
 *(.rela.plt)

.text           0x0000000000000000     0x6daa
 *(.vectors)
 .vectors       0x0000000000000000       0x68 /usr/lib/gcc/avr/5.4.0/../../../avr/lib/avr5/crtatmega328p.o
                0x0000000000000000                __vectors
                0x0000000000000000                __vector_default
 .vectors       0x0000000000000068       0x68 binaries/start.o
 *(.vectors)
 *(.progmem.gcc*)
 .progmem.gcc_sw_table.ttycontrol
                0x00000000000000d0       0x10 binaries/ttycontrol.o
 .progmem.gcc_sw_table.expression
                0x00000000000000e0        0xe binaries/xsh_basic.o
 .progmem.gcc_sw_table.loop
                0x00000000000000ee       0x3a binaries/xsh_basic.o
                0x0000000000000128                . = ALIGN (0x2)
                0x0000000000000128                __trampolines_start = .
 *(.trampolines)
 .trampolines   0x0000000000000128        0x0 linker stubs
 *(.trampolines*)
                0x0000000000000128                __trampolines_end = .
 *libprintf_flt.a:*(.progmem.data)
 *libc.a:*(.progmem.data)
 *(.progmem*)
 .progmem.data.devtab
                0x0000000000000128       0x7b binaries/conf.o
                0x0000000000000128                devtab
 .progmem.data.m13
                0x00000000000001a3       0x15 binaries/avr_messages.o
                0x00000000000001a3                m13
 .progmem.data.m10
                0x00000000000001b8       0x11 binaries/avr_messages.o
                0x00000000000001b8                m10
 .progmem.data.m5
                0x00000000000001c9       0x25 binaries/avr_messages.o
                0x00000000000001c9                m5
 .progmem.data.m4
                0x00000000000001ee       0x1d binaries/avr_messages.o
                0x00000000000001ee                m4
 .progmem.data.m3
                0x000000000000020b       0x27 binaries/avr_messages.o
                0x000000000000020b                m3
 .progmem.data.sysinit_m0
                0x0000000000000232       0xbc binaries/avr_messages.o
                0x0000000000000232                sysinit_m0
 .progmem.data.shell_commands
                0x00000000000002ee        0xf binaries/main.o
                0x00000000000002ee                shell_commands
 .progmem.data.cmdtab_stk
                0x00000000000002fd       0x20 binaries/main.o
                0x00000000000002fd                cmdtab_stk
 .progmem.data.cmdtab
                0x000000000000031d       0x30 binaries/main.o
                0x000000000000031d                cmdtab
 .progmem.data.cmdtab_help
                0x000000000000034d       0x20 binaries/main.o
                0x000000000000034d                cmdtab_help
 .progmem.data.__compound_literal.31
                0x000000000000036d       0x16 binaries/main.o
 .progmem.data.__compound_literal.30
                0x0000000000000383       0x22 binaries/main.o
 .progmem.data.__compound_literal.29
                0x00000000000003a5       0x33 binaries/main.o
 .progmem.data.__compound_literal.28
                0x00000000000003d8       0x2f binaries/main.o
 .progmem.data.__compound_literal.27
                0x0000000000000407       0x22 binaries/main.o
 .progmem.data.__compound_literal.26
                0x0000000000000429       0x1c binaries/main.o
 .progmem.data.__compound_literal.25
                0x0000000000000445       0x29 binaries/main.o
 .progmem.data.__compound_literal.24
                0x000000000000046e       0x29 binaries/main.o
 .progmem.data.__compound_literal.23
                0x0000000000000497       0x33 binaries/main.o
 .progmem.data.__compound_literal.22
                0x00000000000004ca       0x31 binaries/main.o
 .progmem.data.__compound_literal.21
                0x00000000000004fb        0xc binaries/main.o
 .progmem.data.__compound_literal.20
                0x0000000000000507       0x14 binaries/main.o
 .progmem.data.__compound_literal.19
                0x000000000000051b        0xc binaries/main.o
 .progmem.data.__compound_literal.18
                0x0000000000000527       0x1d binaries/main.o
 .progmem.data.__compound_literal.17
                0x0000000000000544        0xe binaries/main.o
 .progmem.data.__compound_literal.16
                0x0000000000000552       0x1f binaries/main.o
 .progmem.data.cmdtab_cname
                0x0000000000000571       0x20 binaries/main.o
                0x0000000000000571                cmdtab_cname
 .progmem.data.__compound_literal.15
                0x0000000000000591        0x4 binaries/main.o
 .progmem.data.__compound_literal.14
                0x0000000000000595        0x5 binaries/main.o
 .progmem.data.__compound_literal.13
                0x000000000000059a        0x5 binaries/main.o
 .progmem.data.__compound_literal.12
                0x000000000000059f        0x5 binaries/main.o
 .progmem.data.__compound_literal.11
                0x00000000000005a4        0x3 binaries/main.o
 .progmem.data.__compound_literal.10
                0x00000000000005a7        0x6 binaries/main.o
 .progmem.data.__compound_literal.9
                0x00000000000005ad        0x5 binaries/main.o
 .progmem.data.__compound_literal.8
                0x00000000000005b2        0x5 binaries/main.o
 .progmem.data.__compound_literal.7
                0x00000000000005b7        0x7 binaries/main.o
 .progmem.data.__compound_literal.6
                0x00000000000005be        0x7 binaries/main.o
 .progmem.data.__compound_literal.5
                0x00000000000005c5        0x8 binaries/main.o
 .progmem.data.__compound_literal.4
                0x00000000000005cd        0x6 binaries/main.o
 .progmem.data.__compound_literal.3
                0x00000000000005d3        0x5 binaries/main.o
 .progmem.data.__compound_literal.2
                0x00000000000005d8        0x6 binaries/main.o
 .progmem.data.__compound_literal.1
                0x00000000000005de        0x7 binaries/main.o
 .progmem.data.__compound_literal.0
                0x00000000000005e5        0x8 binaries/main.o
 .progmem.data.backspacemsg
                0x00000000000005ed        0x8 binaries/xsh_basic.o
 .progmem.data.unimplimentedmsg
                0x00000000000005f5        0xe binaries/xsh_basic.o
 .progmem.data.avr_vars_msg
                0x0000000000000603       0x16 binaries/xsh_basic.o
 .progmem.data.memorymsg
                0x0000000000000619        0xd binaries/xsh_basic.o
 .progmem.data.initmsg
                0x0000000000000626       0x2d binaries/xsh_basic.o
 .progmem.data.sorrymsg
                0x0000000000000653        0x7 binaries/xsh_basic.o
 .progmem.data.howmsg
                0x000000000000065a        0x5 binaries/xsh_basic.o
 .progmem.data.whatmsg
                0x000000000000065f        0x7 binaries/xsh_basic.o
 .progmem.data.okmsg
                0x0000000000000666        0x3 binaries/xsh_basic.o
 .progmem.data.relop_tab
                0x0000000000000669        0xc binaries/xsh_basic.o
 .progmem.data.step_tab
                0x0000000000000675        0x5 binaries/xsh_basic.o
 .progmem.data.to_tab
                0x000000000000067a        0x3 binaries/xsh_basic.o
 .progmem.data.func_tab
                0x000000000000067d       0x15 binaries/xsh_basic.o
 .progmem.data.keywords
                0x0000000000000692       0x6e binaries/xsh_basic.o
 .progmem.data.smon
                0x0000000000000700       0x18 binaries/xsh_cal.o
                0x0000000000000700                smon
 .progmem.data.__compound_literal.11
                0x0000000000000718        0x4 binaries/xsh_cal.o
 .progmem.data.__compound_literal.10
                0x000000000000071c        0x4 binaries/xsh_cal.o
 .progmem.data.__compound_literal.9
                0x0000000000000720        0x4 binaries/xsh_cal.o
 .progmem.data.__compound_literal.8
                0x0000000000000724        0x4 binaries/xsh_cal.o
 .progmem.data.__compound_literal.7
                0x0000000000000728        0x4 binaries/xsh_cal.o
 .progmem.data.__compound_literal.6
                0x000000000000072c        0x4 binaries/xsh_cal.o
 .progmem.data.__compound_literal.5
                0x0000000000000730        0x4 binaries/xsh_cal.o
 .progmem.data.__compound_literal.4
                0x0000000000000734        0x4 binaries/xsh_cal.o
 .progmem.data.__compound_literal.3
                0x0000000000000738        0x4 binaries/xsh_cal.o
 .progmem.data.__compound_literal.2
                0x000000000000073c        0x4 binaries/xsh_cal.o
 .progmem.data.__compound_literal.1
                0x0000000000000740        0x4 binaries/xsh_cal.o
 .progmem.data.__compound_literal.0
                0x0000000000000744        0x4 binaries/xsh_cal.o
 .progmem.data.dayw
                0x0000000000000748       0x15 binaries/xsh_cal.o
                0x0000000000000748                dayw
 .progmem.data.editor_banner1
                0x000000000000075d       0x26 binaries/xsh_editor.o
                0x000000000000075d                editor_banner1
 .progmem.data.editor_banner0
                0x0000000000000783       0x14 binaries/xsh_editor.o
                0x0000000000000783                editor_banner0
 .progmem.data.free_msg1
                0x0000000000000797       0x1d binaries/xsh_free.o
                0x0000000000000797                free_msg1
 .progmem.data.free_msg0
                0x00000000000007b4       0x1c binaries/xsh_free.o
                0x00000000000007b4                free_msg0
 .progmem.data.ps_msg1
                0x00000000000007d0       0x30 binaries/xsh_ps.o
                0x00000000000007d0                ps_msg1
 .progmem.data.ps_msg0
                0x0000000000000800       0x1d binaries/xsh_ps.o
                0x0000000000000800                ps_msg0
 .progmemx.data
                0x000000000000081d       0x3b /usr/lib/gcc/avr/5.4.0/../../../avr/lib/avr5/libc.a(asctime_r.o)
                0x000000000000081d                ascdays
                0x0000000000000833                ascmonths
                0x0000000000000858                . = ALIGN (0x2)
 *(.jumptables)
 *(.jumptables*)
 *(.lowtext)
 *(.lowtext*)
                0x0000000000000858                __ctors_start = .
 *(.ctors)
                0x0000000000000858                __ctors_end = .
                0x0000000000000858                __dtors_start = .
 *(.dtors)
                0x0000000000000858                __dtors_end = .
 SORT(*)(.ctors)
 SORT(*)(.dtors)
 *(.init0)
 .init0         0x0000000000000858        0x0 /usr/lib/gcc/avr/5.4.0/../../../avr/lib/avr5/crtatmega328p.o
                0x0000000000000858                __init
 *(.init0)
 *(.init1)
 *(.init1)
 *(.init2)
 .init2         0x0000000000000858        0xc /usr/lib/gcc/avr/5.4.0/../../../avr/lib/avr5/crtatmega328p.o
 *(.init2)
 *(.init3)
 *(.init3)
 *(.init4)
 .init4         0x0000000000000864       0x16 /usr/lib/gcc/avr/5.4.0/avr5/libgcc.a(_copy_data.o)
                0x0000000000000864                __do_copy_data
 .init4         0x000000000000087a       0x10 /usr/lib/gcc/avr/5.4.0/avr5/libgcc.a(_clear_bss.o)
                0x000000000000087a                __do_clear_bss
 *(.init4)
 *(.init5)
 *(.init5)
 *(.init6)
 *(.init6)
 *(.init7)
 *(.init7)
 *(.init8)
 .init8         0x000000000000088a        0x4 binaries/start.o
 *(.init8)
 *(.init9)
 .init9         0x000000000000088e        0x6 /usr/lib/gcc/avr/5.4.0/../../../avr/lib/avr5/crtatmega328p.o
 *(.init9)
 *(.text)
 .text          0x0000000000000894        0x2 /usr/lib/gcc/avr/5.4.0/../../../avr/lib/avr5/crtatmega328p.o
                0x0000000000000894                __vector_22
                0x0000000000000894                __vector_1
                0x0000000000000894                __vector_24
                0x0000000000000894                __vector_12
                0x0000000000000894                __bad_interrupt
                0x0000000000000894                __vector_6
                0x0000000000000894                __vector_3
                0x0000000000000894                __vector_23
                0x0000000000000894                __vector_25
                0x0000000000000894                __vector_11
                0x0000000000000894                __vector_13
                0x0000000000000894                __vector_17
                0x0000000000000894                __vector_19
                0x0000000000000894                __vector_7
                0x0000000000000894                __vector_5
                0x0000000000000894                __vector_4
                0x0000000000000894                __vector_9
                0x0000000000000894                __vector_2
                0x0000000000000894                __vector_21
                0x0000000000000894                __vector_15
                0x0000000000000894                __vector_8
                0x0000000000000894                __vector_10
                0x0000000000000894                __vector_16
                0x0000000000000894                __vector_20
 .text          0x0000000000000896       0xb0 binaries/ctxsw.o
                0x0000000000000896                ctxsw
 .text          0x0000000000000946       0xf0 /usr/lib/gcc/avr/5.4.0/../../../avr/lib/avr5/libc.a(asctime_r.o)
                0x0000000000000946                asctime_r
 .text          0x0000000000000a36       0x82 /usr/lib/gcc/avr/5.4.0/../../../avr/lib/avr5/libc.a(localtime_r.o)
                0x0000000000000a36                localtime_r
 .text          0x0000000000000ab8       0xae /usr/lib/gcc/avr/5.4.0/../../../avr/lib/avr5/libc.a(mktime.o)
                0x0000000000000ab8                mktime
 .text          0x0000000000000b66       0x24 /usr/lib/gcc/avr/5.4.0/../../../avr/lib/avr5/libc.a(print_lz.o)
                0x0000000000000b66                __print_lz
 .text          0x0000000000000b8a      0x18e /usr/lib/gcc/avr/5.4.0/../../../avr/lib/avr5/libc.a(gmtime_r.o)
                0x0000000000000b8a                gmtime_r
 .text          0x0000000000000d18      0x154 /usr/lib/gcc/avr/5.4.0/../../../avr/lib/avr5/libc.a(mk_gmtime.o)
                0x0000000000000d18                mk_gmtime
 .text          0x0000000000000e6c       0x28 /usr/lib/gcc/avr/5.4.0/../../../avr/lib/avr5/libc.a(isLeap.o)
                0x0000000000000e6c                is_leap_year
                0x0000000000000e94                . = ALIGN (0x2)
 *(.text.*)
 .text.serial_init
                0x0000000000000e94       0x18 binaries/avr_serial.o
                0x0000000000000e94                serial_init
 .text.serial_put_char
                0x0000000000000eac       0x12 binaries/avr_serial.o
                0x0000000000000eac                serial_put_char
 .text.__vector_18
                0x0000000000000ebe       0x5c binaries/avr_serial.o
                0x0000000000000ebe                __vector_18
 .text.my_delay
                0x0000000000000f1a       0x52 binaries/blink_avr.o
                0x0000000000000f1a                my_delay
 .text.blink_avr
                0x0000000000000f6c       0x1c binaries/blink_avr.o
                0x0000000000000f6c                blink_avr
 .text.bufinit  0x0000000000000f88       0x14 binaries/bufinit.o
                0x0000000000000f88                bufinit
 .text.__vector_14
                0x0000000000000f9c      0x17a binaries/clkhandler.o
                0x0000000000000f9c                __vector_14
 .text.clkinit  0x0000000000001116       0x5e binaries/clkinit.o
                0x0000000000001116                clkinit
 .text.close    0x0000000000001174       0x5a binaries/close.o
                0x0000000000001174                close
 .text.control  0x00000000000011ce       0xbc binaries/control.o
                0x00000000000011ce                control
 .text.create   0x000000000000128a      0x28e binaries/create.o
                0x000000000000128a                create
 .text.initintc
                0x0000000000001518        0xa binaries/evec.o
                0x0000000000001518                initintc
 .text.exit     0x0000000000001522        0x4 binaries/exit.o
                0x0000000000001522                exit
 .text.freemem  0x0000000000001526      0x1c2 binaries/freemem.o
                0x0000000000001526                freemem
 .text.getc     0x00000000000016e8       0x5a binaries/getc.o
                0x00000000000016e8                getc
 .text.getfirst
                0x0000000000001742       0x6c binaries/getitem.o
                0x0000000000001742                getfirst
 .text.getitem  0x00000000000017ae       0x3e binaries/getitem.o
                0x00000000000017ae                getitem
 .text.getpid   0x00000000000017ec       0x12 binaries/getpid.o
                0x00000000000017ec                getpid
 .text.getstk   0x00000000000017fe      0x102 binaries/getstk.o
                0x00000000000017fe                getstk
 .text.init     0x0000000000001900       0x5a binaries/init.o
                0x0000000000001900                init
 .text.nulluser
                0x000000000000195a      0x156 binaries/initialize.o
                0x000000000000195a                nulluser
 .text.insert   0x0000000000001ab0       0xb0 binaries/insert.o
                0x0000000000001ab0                insert
 .text.insertd  0x0000000000001b60      0x13a binaries/insertd.o
                0x0000000000001b60                insertd
 .text.disable  0x0000000000001c9a        0x6 binaries/intr.o
                0x0000000000001c9a                disable
 .text.restore  0x0000000000001ca0        0x4 binaries/intr.o
                0x0000000000001ca0                restore
 .text.enable   0x0000000000001ca4        0x4 binaries/intr.o
                0x0000000000001ca4                enable
 .text.halt     0x0000000000001ca8        0x2 binaries/intr.o
                0x0000000000001ca8                halt
 .text.ioerr    0x0000000000001caa        0x4 binaries/ioerr.o
                0x0000000000001caa                ioerr
 .text.ionull   0x0000000000001cae        0x4 binaries/ionull.o
                0x0000000000001cae                ionull
 .text.kill     0x0000000000001cb2      0x19e binaries/kill.o
                0x0000000000001cb2                kill
 .text.kputc    0x0000000000001e50       0x22 binaries/kprintf.o
                0x0000000000001e50                kputc
 .text.kprintf  0x0000000000001e72       0x5e binaries/kprintf.o
                0x0000000000001e72                kprintf
 .text.meminit  0x0000000000001ed0       0x6e binaries/meminit.o
                0x0000000000001ed0                meminit
 .text.newqueue
                0x0000000000001f3e       0x62 binaries/newqueue.o
                0x0000000000001f3e                newqueue
 .text.open     0x0000000000001fa0       0x72 binaries/open.o
                0x0000000000001fa0                open
 .text.platinit
                0x0000000000002012       0x10 binaries/platinit.o
                0x0000000000002012                platinit
 .text.putc     0x0000000000002022       0x5e binaries/putc.o
                0x0000000000002022                putc
 .text.enqueue  0x0000000000002080       0x9e binaries/queue.o
                0x0000000000002080                enqueue
 .text.dequeue  0x000000000000211e       0x5e binaries/queue.o
                0x000000000000211e                dequeue
 .text.read     0x000000000000217c       0x86 binaries/read.o
                0x000000000000217c                read
 .text.ready    0x0000000000002202       0x40 binaries/ready.o
                0x0000000000002202                ready
 .text.receive  0x0000000000002242       0x7a binaries/receive.o
                0x0000000000002242                receive
 .text.recvclr  0x00000000000022bc       0x60 binaries/recvclr.o
                0x00000000000022bc                recvclr
 .text.resched  0x000000000000231c      0x10e binaries/resched.o
                0x000000000000231c                resched
 .text.resched_cntl
                0x000000000000242a       0x98 binaries/resched.o
                0x000000000000242a                resched_cntl
 .text.resume   0x00000000000024c2       0x6a binaries/resume.o
                0x00000000000024c2                resume
 .text.semcount
                0x000000000000252c       0x36 binaries/semcount.o
                0x000000000000252c                semcount
 .text.semcreate
                0x0000000000002562       0x98 binaries/semcreate.o
                0x0000000000002562                semcreate
 .text.semreset
                0x00000000000025fa       0xa2 binaries/semreset.o
                0x00000000000025fa                semreset
 .text.send     0x000000000000269c       0x96 binaries/send.o
                0x000000000000269c                send
 .text.signal   0x0000000000002732       0x66 binaries/signal.o
                0x0000000000002732                signal
 .text.signaln  0x0000000000002798       0xaa binaries/signaln.o
                0x0000000000002798                signaln
 .text.sleep100ms
                0x0000000000002842       0x88 binaries/sleep.o
                0x0000000000002842                sleep100ms
 .text.sleep    0x00000000000028ca       0x24 binaries/sleep.o
                0x00000000000028ca                sleep
 .text.unsleep  0x00000000000028ee       0x96 binaries/unsleep.o
                0x00000000000028ee                unsleep
 .text.userret  0x0000000000002984        0x6 binaries/userret.o
                0x0000000000002984                userret
 .text.wait     0x000000000000298a       0x92 binaries/wait.o
                0x000000000000298a                wait
 .text.wakeup   0x0000000000002a1c       0x56 binaries/wakeup.o
                0x0000000000002a1c                wakeup
 .text.xdone    0x0000000000002a72        0x8 binaries/xdone.o
                0x0000000000002a72                xdone
 .text.yield    0x0000000000002a7a       0x12 binaries/yield.o
                0x0000000000002a7a                yield
 .text.gpio_write
                0x0000000000002a8c        0xe binaries/avr_gpio.o
                0x0000000000002a8c                gpio_write
 .text.gpio_read
                0x0000000000002a9a        0xc binaries/avr_gpio.o
                0x0000000000002a9a                gpio_read
 .text.gpio_arduino_write
                0x0000000000002aa6       0x6c binaries/avr_gpio.o
                0x0000000000002aa6                gpio_arduino_write
 .text.avr_kprintf
                0x0000000000002b12       0x30 binaries/avr_printf.o
                0x0000000000002b12                avr_kprintf
 .text.change_proc_name
                0x0000000000002b42       0x50 binaries/change_proc_name.o
                0x0000000000002b42                change_proc_name
 .text.get_date
                0x0000000000002b92       0x5e binaries/date.o
                0x0000000000002b92                get_date
 .text.set_date
                0x0000000000002bf0       0xe0 binaries/date.o
                0x0000000000002bf0                set_date
 .text.fprintf  0x0000000000002cd0       0x70 binaries/fprintf.o
                0x0000000000002cd0                fprintf
 .text.printf   0x0000000000002d40       0x9c binaries/printf.o
                0x0000000000002d40                printf
 .text.namlen   0x0000000000002ddc       0x3a binaries/mount.o
                0x0000000000002ddc                namlen
 .text.mount    0x0000000000002e16      0x134 binaries/mount.o
                0x0000000000002e16                mount
 .text.naminit  0x0000000000002f4a      0x130 binaries/naminit.o
                0x0000000000002f4a                naminit
 .text.namrepl  0x000000000000307a      0x182 binaries/nammap.o
                0x000000000000307a                namrepl
 .text.namcpy   0x00000000000031fc       0x42 binaries/nammap.o
                0x00000000000031fc                namcpy
 .text.nammap   0x000000000000323e       0x82 binaries/nammap.o
                0x000000000000323e                nammap
 .text.namopen  0x00000000000032c0       0x50 binaries/namopen.o
                0x00000000000032c0                namopen
 .text.ttycontrol
                0x0000000000003310       0xde binaries/ttycontrol.o
                0x0000000000003310                ttycontrol
 .text.ttygetc  0x00000000000033ee       0x98 binaries/ttygetc.o
                0x00000000000033ee                ttygetc
 .text.echoch.isra.2
                0x0000000000003486       0x54 binaries/ttyhandle_in.o
 .text.ttyhandle_in
                0x00000000000034da      0x2f8 binaries/ttyhandle_in.o
                0x00000000000034da                ttyhandle_in
 .text.ttyhandle_out
                0x00000000000037d2      0x104 binaries/ttyhandle_out.o
                0x00000000000037d2                ttyhandle_out
 .text.ttyhandler
                0x00000000000038d6       0x24 binaries/ttyhandler.o
                0x00000000000038d6                ttyhandler
 .text.ttyinit  0x00000000000038fa       0xd8 binaries/ttyinit.o
                0x00000000000038fa                ttyinit
 .text.ttykickout
                0x00000000000039d2       0x16 binaries/ttykickout.o
                0x00000000000039d2                ttykickout
 .text.ttyputc  0x00000000000039e8       0xc6 binaries/ttyputc.o
                0x00000000000039e8                ttyputc
 .text.ttyread  0x0000000000003aae       0xe4 binaries/ttyread.o
                0x0000000000003aae                ttyread
 .text.ttywrite
                0x0000000000003b92       0x44 binaries/ttywrite.o
                0x0000000000003b92                ttywrite
 .text.addargs  0x0000000000003bd6       0xf8 binaries/addargs.o
                0x0000000000003bd6                addargs
 .text.lexan    0x0000000000003cce      0x1e0 binaries/lexan.o
                0x0000000000003cce                lexan
 .text.xsh_help
                0x0000000000003eae       0xc8 binaries/main.o
                0x0000000000003eae                xsh_help
 .text.startup.main
                0x0000000000003f76      0x842 binaries/main.o
                0x0000000000003f76                main
 .text.ignore_blanks
                0x00000000000047b8       0x20 binaries/xsh_basic.o
 .text.scantable
                0x00000000000047d8       0x76 binaries/xsh_basic.o
 .text.testnum  0x000000000000484e       0x52 binaries/xsh_basic.o
 .text.findline
                0x00000000000048a0       0x34 binaries/xsh_basic.o
 .text.toUppercaseBuffer
                0x00000000000048d4       0x40 binaries/xsh_basic.o
 .text.expr4    0x0000000000004914      0x17a binaries/xsh_basic.o
 .text.expr3    0x0000000000004a8e       0x6a binaries/xsh_basic.o
 .text.expr2    0x0000000000004af8       0x5e binaries/xsh_basic.o
 .text.expression
                0x0000000000004b56       0x9a binaries/xsh_basic.o
 .text.outchar  0x0000000000004bf0       0x22 binaries/xsh_basic.o
                0x0000000000004bf0                outchar
 .text.printnum
                0x0000000000004c12       0x6a binaries/xsh_basic.o
                0x0000000000004c12                printnum
 .text.printmsgNoNL
                0x0000000000004c7c       0x20 binaries/xsh_basic.o
                0x0000000000004c7c                printmsgNoNL
 .text.line_terminator
                0x0000000000004c9c        0x8 binaries/xsh_basic.o
 .text.printmsg
                0x0000000000004ca4        0x4 binaries/xsh_basic.o
                0x0000000000004ca4                printmsg
 .text.printline
                0x0000000000004ca8       0x4c binaries/xsh_basic.o
                0x0000000000004ca8                printline
 .text.getln    0x0000000000004cf4       0xa0 binaries/xsh_basic.o
 .text.loop     0x0000000000004d94      0x90e binaries/xsh_basic.o
                0x0000000000004d94                loop
 .text.xsh_basic
                0x00000000000056a2       0x56 binaries/xsh_basic.o
                0x00000000000056a2                xsh_basic
 .text.number   0x00000000000056f8       0x42 binaries/xsh_cal.o
                0x00000000000056f8                number
 .text.jan1     0x000000000000573a       0x5e binaries/xsh_cal.o
                0x000000000000573a                jan1
 .text.print_spaces
                0x0000000000005798       0x34 binaries/xsh_cal.o
                0x0000000000005798                print_spaces
 .text.cal_p    0x00000000000057cc      0x162 binaries/xsh_cal.o
                0x00000000000057cc                cal_p
 .text.xsh_cal  0x000000000000592e      0x172 binaries/xsh_cal.o
                0x000000000000592e                xsh_cal
 .text.xsh_clear
                0x0000000000005aa0       0x34 binaries/xsh_clear.o
                0x0000000000005aa0                xsh_clear
 .text.xsh_date
                0x0000000000005ad4       0x56 binaries/xsh_date.o
                0x0000000000005ad4                xsh_date
 .text.xsh_echo
                0x0000000000005b2a       0x90 binaries/xsh_echo.o
                0x0000000000005b2a                xsh_echo
 .text.clear    0x0000000000005bba       0x32 binaries/xsh_editor.o
 .text.editor_insert
                0x0000000000005bec       0xa0 binaries/xsh_editor.o
                0x0000000000005bec                editor_insert
 .text.editor_del
                0x0000000000005c8c       0xcc binaries/xsh_editor.o
                0x0000000000005c8c                editor_del
 .text.printnl  0x0000000000005d58       0x12 binaries/xsh_editor.o
                0x0000000000005d58                printnl
 .text.xsh_editor
                0x0000000000005d6a      0x252 binaries/xsh_editor.o
                0x0000000000005d6a                xsh_editor
 .text.xsh_forever
                0x0000000000005fbc        0x2 binaries/xsh_forever.o
                0x0000000000005fbc                xsh_forever
 .text.xsh_free
                0x0000000000005fbe       0xd0 binaries/xsh_free.o
                0x0000000000005fbe                xsh_free
 .text.xsh_gpio
                0x000000000000608e       0x5c binaries/xsh_gpio.o
                0x000000000000608e                xsh_gpio
 .text.xsh_kill
                0x00000000000060ea       0x7a binaries/xsh_kill.o
                0x00000000000060ea                xsh_kill
 .text.xsh_memdump
                0x0000000000006164       0xe8 binaries/xsh_memdump.o
                0x0000000000006164                xsh_memdump
 .text.xsh_ps   0x000000000000624c      0x154 binaries/xsh_ps.o
                0x000000000000624c                xsh_ps
 .text.xsh_reboot
                0x00000000000063a0        0xa binaries/xsh_reboot.o
                0x00000000000063a0                xsh_reboot
 .text.xsh_sleep
                0x00000000000063aa       0xb4 binaries/xsh_sleep.o
                0x00000000000063aa                xsh_sleep
 .text.xsh_uptime
                0x000000000000645e       0xfc binaries/xsh_uptime.o
                0x000000000000645e                xsh_uptime
 .text.libgcc.mul
                0x000000000000655a       0x1e /usr/lib/gcc/avr/5.4.0/avr5/libgcc.a(_mulsi3.o)
                0x000000000000655a                __mulsi3
 .text.libgcc.div
                0x0000000000006578       0x28 /usr/lib/gcc/avr/5.4.0/avr5/libgcc.a(_udivmodhi4.o)
                0x0000000000006578                __udivmodhi4
 .text.libgcc.div
                0x00000000000065a0       0x26 /usr/lib/gcc/avr/5.4.0/avr5/libgcc.a(_divmodhi4.o)
                0x00000000000065a0                __divmodhi4
                0x00000000000065a0                _div
 .text.libgcc.div
                0x00000000000065c6       0x44 /usr/lib/gcc/avr/5.4.0/avr5/libgcc.a(_udivmodsi4.o)
                0x00000000000065c6                __udivmodsi4
 .text.libgcc.div
                0x000000000000660a       0x28 /usr/lib/gcc/avr/5.4.0/avr5/libgcc.a(_divmodsi4.o)
                0x000000000000660a                __divmodsi4
 .text.libgcc.div
                0x0000000000006632       0x10 /usr/lib/gcc/avr/5.4.0/avr5/libgcc.a(_negsi2.o)
                0x0000000000006632                __negsi2
 .text.libgcc   0x0000000000006642        0xc /usr/lib/gcc/avr/5.4.0/avr5/libgcc.a(_tablejump2.o)
                0x0000000000006642                __tablejump2__
 .text.libgcc.mul
                0x000000000000664e       0x14 /usr/lib/gcc/avr/5.4.0/avr5/libgcc.a(_muluhisi3.o)
                0x000000000000664e                __muluhisi3
 .text.libgcc.prologue
                0x0000000000006662       0x38 /usr/lib/gcc/avr/5.4.0/avr5/libgcc.a(_prologue.o)
                0x0000000000006662                __prologue_saves__
 .text.libgcc.prologue
                0x000000000000669a       0x36 /usr/lib/gcc/avr/5.4.0/avr5/libgcc.a(_epilogue.o)
                0x000000000000669a                __epilogue_restores__
 .text.libgcc.mul
                0x00000000000066d0       0x1e /usr/lib/gcc/avr/5.4.0/avr5/libgcc.a(_umulhisi3.o)
                0x00000000000066d0                __umulhisi3
 .text.avr-libc
                0x00000000000066ee       0xaa /usr/lib/gcc/avr/5.4.0/../../../avr/lib/avr5/libc.a(rand.o)
                0x000000000000677a                rand_r
                0x000000000000677c                rand
                0x0000000000006782                srand
 .text.avr-libc
                0x0000000000006798       0x3a /usr/lib/gcc/avr/5.4.0/../../../avr/lib/avr5/libc.a(atoi.o)
                0x0000000000006798                atoi
 .text.avr-libc
                0x00000000000067d2       0x12 /usr/lib/gcc/avr/5.4.0/../../../avr/lib/avr5/libc.a(strlen_P.o)
                0x00000000000067d2                __strlen_P
 .text.avr-libc
                0x00000000000067e4       0x1c /usr/lib/gcc/avr/5.4.0/../../../avr/lib/avr5/libc.a(strncmp_P.o)
                0x00000000000067e4                strncmp_P
 .text.avr-libc
                0x0000000000006800       0x1e /usr/lib/gcc/avr/5.4.0/../../../avr/lib/avr5/libc.a(strncpy_P.o)
                0x0000000000006800                strncpy_P
 .text.avr-libc
                0x000000000000681e        0xe /usr/lib/gcc/avr/5.4.0/../../../avr/lib/avr5/libc.a(memset.o)
                0x000000000000681e                memset
 .text.avr-libc
                0x000000000000682c       0x10 /usr/lib/gcc/avr/5.4.0/../../../avr/lib/avr5/libc.a(mul10.o)
                0x000000000000682c                __mulhi_const_10
 .text.avr-libc
                0x000000000000683c       0x52 /usr/lib/gcc/avr/5.4.0/../../../avr/lib/avr5/libc.a(vsnprintf.o)
                0x000000000000683c                vsnprintf
 .text.avr-libc
                0x000000000000688e      0x3a4 /usr/lib/gcc/avr/5.4.0/../../../avr/lib/avr5/libc.a(vfprintf_std.o)
                0x000000000000688e                vfprintf
 .text.avr-libc
                0x0000000000006c32       0x16 /usr/lib/gcc/avr/5.4.0/../../../avr/lib/avr5/libc.a(strnlen_P.o)
                0x0000000000006c32                strnlen_P
 .text.avr-libc
                0x0000000000006c48       0x16 /usr/lib/gcc/avr/5.4.0/../../../avr/lib/avr5/libc.a(strnlen.o)
                0x0000000000006c48                strnlen
 .text.avr-libc
                0x0000000000006c5e       0x78 /usr/lib/gcc/avr/5.4.0/../../../avr/lib/avr5/libc.a(fputc.o)
                0x0000000000006c5e                fputc
 .text.avr-libc
                0x0000000000006cd6       0xbc /usr/lib/gcc/avr/5.4.0/../../../avr/lib/avr5/libc.a(ultoa_invert.o)
                0x0000000000006cd6                __ultoa_invert
 .text.libgcc.mul
                0x0000000000006d92        0xc /usr/lib/gcc/avr/5.4.0/avr5/libgcc.a(_usmulhisi3.o)
                0x0000000000006d92                __usmulhisi3
                0x0000000000006d94                __usmulhisi3_tail
 .text.libgcc.mul
                0x0000000000006d9e        0xc /usr/lib/gcc/avr/5.4.0/avr5/libgcc.a(_mulshisi3.o)
                0x0000000000006d9e                __mulshisi3
                0x0000000000006da2                __mulohisi3
                0x0000000000006daa                . = ALIGN (0x2)
 *(.fini9)
 *(.fini9)
 *(.fini8)
 *(.fini8)
 *(.fini7)
 *(.fini7)
 *(.fini6)
 *(.fini6)
 *(.fini5)
 *(.fini5)
 *(.fini4)
 *(.fini4)
 *(.fini3)
 *(.fini3)
 *(.fini2)
 *(.fini2)
 *(.fini1)
 *(.fini1)
 *(.fini0)
 *(.fini0)
                0x0000000000006daa                _etext = .

.data           0x0000000000800100      0x1da load address 0x0000000000006daa
                0x0000000000800100                PROVIDE (__data_start, .)
 *(.data)
 .data          0x0000000000800100        0x4 /usr/lib/gcc/avr/5.4.0/../../../avr/lib/avr5/libc.a(rand.o)
 *(.data*)
 .data.serial_port
                0x0000000000800104        0x2 binaries/avr_serial.o
                0x0000000000800104                serial_port
 .data.nextqid.2798
                0x0000000000800106        0x2 binaries/newqueue.o
 .data.ncmd     0x0000000000800108        0x4 binaries/main.o
                0x0000000000800108                ncmd
 .data.mon      0x000000000080010c        0xd binaries/xsh_cal.o
                0x000000000080010c                mon
 *(.gnu.linkonce.d*)
 *(.rodata)
 *(.rodata*)
 .rodata.str1.1
                0x0000000000800119       0x2f binaries/initialize.o
 .rodata.str1.1
                0x0000000000800148        0xc binaries/naminit.o
                                          0xd (size before relaxing)
 .rodata.str1.1
                0x0000000000800154       0xd5 binaries/main.o
                                         0xdb (size before relaxing)
 .rodata.str1.1
                0x0000000000800229        0x3 binaries/xsh_basic.o
 .rodata.str1.1
                0x000000000080022c       0x1a binaries/xsh_cal.o
                                         0x25 (size before relaxing)
 .rodata.str1.1
                0x0000000000800246        0x9 binaries/xsh_clear.o
 .rodata.str1.1
                0x000000000080024f        0x6 binaries/xsh_date.o
 .rodata.str1.1
                0x0000000000800255        0x4 binaries/xsh_echo.o
                                          0x9 (size before relaxing)
 .rodata.str1.1
                0x0000000000800259       0x1e binaries/xsh_editor.o
                                         0x34 (size before relaxing)
 .rodata.str1.1
                0x0000000000800277       0x15 binaries/xsh_free.o
                                         0x18 (size before relaxing)
 .rodata.str1.1
                0x000000000080028c        0x9 binaries/xsh_memdump.o
                                         0x13 (size before relaxing)
 .rodata.str1.1
                0x0000000000800295        0xb binaries/xsh_ps.o
                                         0x10 (size before relaxing)
 .rodata.str1.1
                0x00000000008002a0       0x1a binaries/xsh_sleep.o
 .rodata.str1.1
                0x00000000008002ba       0x20 binaries/xsh_uptime.o
 *(.gnu.linkonce.r*)
                0x00000000008002da                . = ALIGN (0x2)
                0x00000000008002da                _edata = .
                0x00000000008002da                PROVIDE (__data_end, .)

.bss            0x00000000008002da      0x2fc
                0x00000000008002da                PROVIDE (__bss_start, .)
 *(.bss)
 *(.bss*)
 .bss.avr_ticks
                0x00000000008002da        0x2 binaries/clkhandler.o
                0x00000000008002da                avr_ticks
 .bss.nextpid.2824
                0x00000000008002dc        0x4 binaries/create.o
 .bss.nextsem.2805
                0x00000000008002e0        0x2 binaries/semcreate.o
 .bss.linenum   0x00000000008002e2        0x2 binaries/xsh_basic.o
 .bss.table_index
                0x00000000008002e4        0x1 binaries/xsh_basic.o
 .bss.sp        0x00000000008002e5        0x2 binaries/xsh_basic.o
 .bss.current_line
                0x00000000008002e7        0x2 binaries/xsh_basic.o
 .bss.variables_begin
                0x00000000008002e9        0x2 binaries/xsh_basic.o
 .bss.program_end
                0x00000000008002eb        0x2 binaries/xsh_basic.o
 .bss.program_start
                0x00000000008002ed        0x2 binaries/xsh_basic.o
 .bss.stack_limit
                0x00000000008002ef        0x2 binaries/xsh_basic.o
 .bss.expression_error
                0x00000000008002f1        0x1 binaries/xsh_basic.o
 .bss.tmptxtpos
                0x00000000008002f2        0x2 binaries/xsh_basic.o
 .bss.list_line
                0x00000000008002f4        0x2 binaries/xsh_basic.o
 .bss.txtpos    0x00000000008002f6        0x2 binaries/xsh_basic.o
 *(COMMON)
 COMMON         0x00000000008002f8        0x1 binaries/avr_serial.o
                0x00000000008002f8                value
 COMMON         0x00000000008002f9       0x2c binaries/bufinit.o
                0x00000000008002f9                buftab
                0x0000000000800321                nbpools
 COMMON         0x0000000000800325        0xe binaries/clkinit.o
                0x0000000000800325                sleepq
                0x0000000000800327                preempt
                0x000000000080032b                count1000
                0x000000000080032f                clktime
 COMMON         0x0000000000800333      0x196 binaries/initialize.o
                0x0000000000800333                currpid
                0x0000000000800337                proctab
                0x00000000008004a3                prcount
                0x00000000008004a7                semtab
                0x00000000008004c3                memlist
 COMMON         0x00000000008004c9        0x4 binaries/meminit.o
                0x00000000008004c9                minheap
                0x00000000008004cb                maxheap
 COMMON         0x00000000008004cd       0x50 binaries/queue.o
                0x00000000008004cd                queuetab
 COMMON         0x000000000080051d        0x2 binaries/ready.o
                0x000000000080051d                readylist
 COMMON         0x000000000080051f        0x5 binaries/resched.o
                0x000000000080051f                Defer
 COMMON         0x0000000000800524        0x4 binaries/date.o
                0x0000000000800524                seconds
 COMMON         0x0000000000800528       0x58 binaries/naminit.o
                0x0000000000800528                nnames
                0x000000000080052c                nametab
 COMMON         0x0000000000800580       0x50 binaries/ttyinit.o
                0x0000000000800580                ttytab
 COMMON         0x00000000008005d0        0x4 /usr/lib/gcc/avr/5.4.0/../../../avr/lib/avr5/libc.a(utc_offset.o)
                0x00000000008005d0                __utc_offset
 COMMON         0x00000000008005d4        0x2 /usr/lib/gcc/avr/5.4.0/../../../avr/lib/avr5/libc.a(dst_pointer.o)
                0x00000000008005d4                __dst_ptr
                0x00000000008005d6                PROVIDE (__bss_end, .)
                0x0000000000006daa                __data_load_start = LOADADDR (.data)
                0x0000000000006f84                __data_load_end = (__data_load_start + SIZEOF (.data))

.noinit         0x00000000008005d6        0x0
                [!provide]                        PROVIDE (__noinit_start, .)
 *(.noinit*)
                [!provide]                        PROVIDE (__noinit_end, .)
                0x00000000008005d6                _end = .
                [!provide]                        PROVIDE (__heap_start, .)

.eeprom         0x0000000000810000        0x0
 *(.eeprom*)
                0x0000000000810000                __eeprom_end = .

.fuse
 *(.fuse)
 *(.lfuse)
 *(.hfuse)
 *(.efuse)

.lock
 *(.lock*)

.signature
 *(.signature*)

.user_signatures
 *(.user_signatures*)

.stab
 *(.stab)

.stabstr
 *(.stabstr)

.stab.excl
 *(.stab.excl)

.stab.exclstr
 *(.stab.exclstr)

.stab.index
 *(.stab.index)

.stab.indexstr
 *(.stab.indexstr)

.comment        0x0000000000000000       0x11
 *(.comment)
 .comment       0x0000000000000000       0x11 binaries/avr_serial.o
                                         0x12 (size before relaxing)
 .comment       0x0000000000000011       0x12 binaries/blink_avr.o
 .comment       0x0000000000000011       0x12 binaries/bufinit.o
 .comment       0x0000000000000011       0x12 binaries/clkhandler.o
 .comment       0x0000000000000011       0x12 binaries/clkinit.o
 .comment       0x0000000000000011       0x12 binaries/close.o
 .comment       0x0000000000000011       0x12 binaries/conf.o
 .comment       0x0000000000000011       0x12 binaries/control.o
 .comment       0x0000000000000011       0x12 binaries/create.o
 .comment       0x0000000000000011       0x12 binaries/evec.o
 .comment       0x0000000000000011       0x12 binaries/exit.o
 .comment       0x0000000000000011       0x12 binaries/freemem.o
 .comment       0x0000000000000011       0x12 binaries/getc.o
 .comment       0x0000000000000011       0x12 binaries/getitem.o
 .comment       0x0000000000000011       0x12 binaries/getpid.o
 .comment       0x0000000000000011       0x12 binaries/getstk.o
 .comment       0x0000000000000011       0x12 binaries/init.o
 .comment       0x0000000000000011       0x12 binaries/initialize.o
 .comment       0x0000000000000011       0x12 binaries/insert.o
 .comment       0x0000000000000011       0x12 binaries/insertd.o
 .comment       0x0000000000000011       0x12 binaries/intr.o
 .comment       0x0000000000000011       0x12 binaries/ioerr.o
 .comment       0x0000000000000011       0x12 binaries/ionull.o
 .comment       0x0000000000000011       0x12 binaries/kill.o
 .comment       0x0000000000000011       0x12 binaries/kprintf.o
 .comment       0x0000000000000011       0x12 binaries/meminit.o
 .comment       0x0000000000000011       0x12 binaries/newqueue.o
 .comment       0x0000000000000011       0x12 binaries/open.o
 .comment       0x0000000000000011       0x12 binaries/platinit.o
 .comment       0x0000000000000011       0x12 binaries/putc.o
 .comment       0x0000000000000011       0x12 binaries/queue.o
 .comment       0x0000000000000011       0x12 binaries/read.o
 .comment       0x0000000000000011       0x12 binaries/ready.o
 .comment       0x0000000000000011       0x12 binaries/receive.o
 .comment       0x0000000000000011       0x12 binaries/recvclr.o
 .comment       0x0000000000000011       0x12 binaries/resched.o
 .comment       0x0000000000000011       0x12 binaries/resume.o
 .comment       0x0000000000000011       0x12 binaries/semcount.o
 .comment       0x0000000000000011       0x12 binaries/semcreate.o
 .comment       0x0000000000000011       0x12 binaries/semreset.o
 .comment       0x0000000000000011       0x12 binaries/send.o
 .comment       0x0000000000000011       0x12 binaries/signal.o
 .comment       0x0000000000000011       0x12 binaries/signaln.o
 .comment       0x0000000000000011       0x12 binaries/sleep.o
 .comment       0x0000000000000011       0x12 binaries/unsleep.o
 .comment       0x0000000000000011       0x12 binaries/userret.o
 .comment       0x0000000000000011       0x12 binaries/wait.o
 .comment       0x0000000000000011       0x12 binaries/wakeup.o
 .comment       0x0000000000000011       0x12 binaries/xdone.o
 .comment       0x0000000000000011       0x12 binaries/yield.o
 .comment       0x0000000000000011       0x12 binaries/avr_gpio.o
 .comment       0x0000000000000011       0x12 binaries/avr_messages.o
 .comment       0x0000000000000011       0x12 binaries/avr_printf.o
 .comment       0x0000000000000011       0x12 binaries/change_proc_name.o
 .comment       0x0000000000000011       0x12 binaries/date.o
 .comment       0x0000000000000011       0x12 binaries/fprintf.o
 .comment       0x0000000000000011       0x12 binaries/printf.o
 .comment       0x0000000000000011       0x12 binaries/mount.o
 .comment       0x0000000000000011       0x12 binaries/naminit.o
 .comment       0x0000000000000011       0x12 binaries/nammap.o
 .comment       0x0000000000000011       0x12 binaries/namopen.o
 .comment       0x0000000000000011       0x12 binaries/ttycontrol.o
 .comment       0x0000000000000011       0x12 binaries/ttygetc.o
 .comment       0x0000000000000011       0x12 binaries/ttyhandle_in.o
 .comment       0x0000000000000011       0x12 binaries/ttyhandle_out.o
 .comment       0x0000000000000011       0x12 binaries/ttyhandler.o
 .comment       0x0000000000000011       0x12 binaries/ttyinit.o
 .comment       0x0000000000000011       0x12 binaries/ttykickout.o
 .comment       0x0000000000000011       0x12 binaries/ttyputc.o
 .comment       0x0000000000000011       0x12 binaries/ttyread.o
 .comment       0x0000000000000011       0x12 binaries/ttywrite.o
 .comment       0x0000000000000011       0x12 binaries/addargs.o
 .comment       0x0000000000000011       0x12 binaries/lexan.o
 .comment       0x0000000000000011       0x12 binaries/main.o
 .comment       0x0000000000000011       0x12 binaries/xsh_basic.o
 .comment       0x0000000000000011       0x12 binaries/xsh_cal.o
 .comment       0x0000000000000011       0x12 binaries/xsh_clear.o
 .comment       0x0000000000000011       0x12 binaries/xsh_date.o
 .comment       0x0000000000000011       0x12 binaries/xsh_echo.o
 .comment       0x0000000000000011       0x12 binaries/xsh_editor.o
 .comment       0x0000000000000011       0x12 binaries/xsh_forever.o
 .comment       0x0000000000000011       0x12 binaries/xsh_free.o
 .comment       0x0000000000000011       0x12 binaries/xsh_gpio.o
 .comment       0x0000000000000011       0x12 binaries/xsh_kill.o
 .comment       0x0000000000000011       0x12 binaries/xsh_memdump.o
 .comment       0x0000000000000011       0x12 binaries/xsh_ps.o
 .comment       0x0000000000000011       0x12 binaries/xsh_reboot.o
 .comment       0x0000000000000011       0x12 binaries/xsh_sleep.o
 .comment       0x0000000000000011       0x12 binaries/xsh_uptime.o
 .comment       0x0000000000000011       0x12 /usr/lib/gcc/avr/5.4.0/../../../avr/lib/avr5/libc.a(rand.o)
 .comment       0x0000000000000011       0x12 /usr/lib/gcc/avr/5.4.0/../../../avr/lib/avr5/libc.a(vsnprintf.o)
 .comment       0x0000000000000011       0x12 /usr/lib/gcc/avr/5.4.0/../../../avr/lib/avr5/libc.a(asctime_r.o)
 .comment       0x0000000000000011       0x12 /usr/lib/gcc/avr/5.4.0/../../../avr/lib/avr5/libc.a(localtime_r.o)
 .comment       0x0000000000000011       0x12 /usr/lib/gcc/avr/5.4.0/../../../avr/lib/avr5/libc.a(mktime.o)
 .comment       0x0000000000000011       0x12 /usr/lib/gcc/avr/5.4.0/../../../avr/lib/avr5/libc.a(print_lz.o)
 .comment       0x0000000000000011       0x12 /usr/lib/gcc/avr/5.4.0/../../../avr/lib/avr5/libc.a(utc_offset.o)
 .comment       0x0000000000000011       0x12 /usr/lib/gcc/avr/5.4.0/../../../avr/lib/avr5/libc.a(vfprintf_std.o)
 .comment       0x0000000000000011       0x12 /usr/lib/gcc/avr/5.4.0/../../../avr/lib/avr5/libc.a(fputc.o)
 .comment       0x0000000000000011       0x12 /usr/lib/gcc/avr/5.4.0/../../../avr/lib/avr5/libc.a(dst_pointer.o)
 .comment       0x0000000000000011       0x12 /usr/lib/gcc/avr/5.4.0/../../../avr/lib/avr5/libc.a(gmtime_r.o)
 .comment       0x0000000000000011       0x12 /usr/lib/gcc/avr/5.4.0/../../../avr/lib/avr5/libc.a(mk_gmtime.o)
 .comment       0x0000000000000011       0x12 /usr/lib/gcc/avr/5.4.0/../../../avr/lib/avr5/libc.a(isLeap.o)

.note.gnu.avr.deviceinfo
                0x0000000000000000       0x40
 .note.gnu.avr.deviceinfo
                0x0000000000000000       0x40 /usr/lib/gcc/avr/5.4.0/../../../avr/lib/avr5/crtatmega328p.o

.note.gnu.build-id
 *(.note.gnu.build-id)

.debug
 *(.debug)

.line
 *(.line)

.debug_srcinfo
 *(.debug_srcinfo)

.debug_sfnames
 *(.debug_sfnames)

.debug_aranges
 *(.debug_aranges)

.debug_pubnames
 *(.debug_pubnames)

.debug_info     0x0000000000000000      0x5f4
 *(.debug_info .gnu.linkonce.wi.*)
 .debug_info    0x0000000000000000      0x5f4 /usr/lib/gcc/avr/5.4.0/../../../avr/lib/avr5/crtatmega328p.o

.debug_abbrev   0x0000000000000000      0x5a2
 *(.debug_abbrev)
 .debug_abbrev  0x0000000000000000      0x5a2 /usr/lib/gcc/avr/5.4.0/../../../avr/lib/avr5/crtatmega328p.o

.debug_line     0x0000000000000000       0x1a
 *(.debug_line .debug_line.* .debug_line_end)
 .debug_line    0x0000000000000000       0x1a /usr/lib/gcc/avr/5.4.0/../../../avr/lib/avr5/crtatmega328p.o

.debug_frame
 *(.debug_frame)

.debug_str      0x0000000000000000      0x208
 *(.debug_str)
 .debug_str     0x0000000000000000      0x208 /usr/lib/gcc/avr/5.4.0/../../../avr/lib/avr5/crtatmega328p.o

.debug_loc
 *(.debug_loc)

.debug_macinfo
 *(.debug_macinfo)

.debug_weaknames
 *(.debug_weaknames)

.debug_funcnames
 *(.debug_funcnames)

.debug_typenames
 *(.debug_typenames)

.debug_varnames
 *(.debug_varnames)

.debug_pubtypes
 *(.debug_pubtypes)

.debug_ranges
 *(.debug_ranges)

.debug_macro
 *(.debug_macro)
OUTPUT(../compile/xinu.elf elf32-avr)
LOAD linker stubs
